`{
    "f_type": "",
    "f_version": "",
    "id": "",
    "data": {
        "type": "",
        "interface": "",
        "messages": null,
        "cadence": {
            "body": "",
            "network_pins": null
        },
        "dependencies": null,
        "parameters": [
            {
                "label": "greeting",
                "index": 0,
                "type": "String",
                "messages": []
            }
        ]
    }
}`
