`{
    "f_type": "InteractionTemplate",
    "f_version": "1.1.0",
    "id": "00ea34585b7351092fe871b23b8e894e339068886058b19d79dcdce168e54a93",
    "data": {
        "type": "script",
        "interface": "",
        "messages": [
            {
                "key": "title",
                "i18n": [
                    {
                        "tag": "en-US",
                        "translation": "Say Hello"
                    }
                ]
            },
            {
                "key": "description",
                "i18n": [
                    {
                        "tag": "en-US",
                        "translation": "Read the greeting from the HelloWorld contract"
                    }
                ]
            }
        ],
        "cadence": {
            "body": "\n\t#interaction(\n\t\tversion: \"1.1.0\",\n\t\ttitle: \"Say Hello\",\n\t\tdescription: \"Read the greeting from the HelloWorld contract\",\n\t\tlanguage: \"en-US\",\n\t)\n\t\n\timport \"HelloWorld\"\n\n\tpub fun main(): String {\n\treturn HelloWorld.greeting\n\t}\n",
            "network_pins": [
                {
                    "network": "mainnet",
                    "pin_self": "9ca641e8d4077937028b15b16fd50ba347d7d821768ec00b2b7fdf114e898414"
                },
                {
                    "network": "testnet",
                    "pin_self": "9ca641e8d4077937028b15b16fd50ba347d7d821768ec00b2b7fdf114e898414"
                }
            ]
        },
        "dependencies": [
            {
                "contracts": [
                    {
                        "contract": "HelloWorld",
                        "networks": [
                            {
                                "network": "testnet",
                                "address": "0xee82856bf20e2aa6",
                                "dependency_pin_block_height": 0
                            },
                            {
                                "network": "mainnet",
                                "address": "0xee82856bf20e2aa6",
                                "dependency_pin_block_height": 0
                            },
                            {
                                "network": "emulator",
                                "address": "0xee82856bf20e2aa6",
                                "dependency_pin_block_height": 0
                            }
                        ]
                    }
                ]
            }
        ],
        "parameters": null
    }
}`
